<BlockNode>
  <StatList>
    <Assignment>
      <VarList>
        <Variable var="a"/>
      </VarList>
      <ExpList>
        <UnaryOperation operation="LENGTH">
          <Variable var="b"/>
        </UnaryOperation>
      </ExpList>
    </Assignment>
  </StatList>
</BlockNode>
